
[RUN 2026-03-25 02:26:54]
ADDED:
+ /home/pc-1/repos/dr-core-shared/.gitignore
+ /home/pc-1/repos/dr-core-shared/README.md
+ /home/pc-1/repos/dr-core-shared/dr_core_shared.egg-info/PKG-INFO
+ /home/pc-1/repos/dr-core-shared/dr_core_shared.egg-info/SOURCES.txt
+ /home/pc-1/repos/dr-core-shared/dr_core_shared.egg-info/dependency_links.txt
+ /home/pc-1/repos/dr-core-shared/dr_core_shared.egg-info/requires.txt
+ /home/pc-1/repos/dr-core-shared/dr_core_shared.egg-info/top_level.txt
+ /home/pc-1/repos/dr-core-shared/drcore_lib/__init__.py
+ /home/pc-1/repos/dr-core-shared/drcore_lib/artifacts.py
+ /home/pc-1/repos/dr-core-shared/drcore_lib/hardware.py
+ /home/pc-1/repos/dr-core-shared/drcore_lib/logging.py
+ /home/pc-1/repos/dr-core-shared/drcore_lib/state.py
+ /home/pc-1/repos/dr-core-shared/drcore_lib/transport.py
+ /home/pc-1/repos/dr-core-shared/examples/example_scan.py
+ /home/pc-1/repos/dr-core-shared/file-delta-tracker-vs1.py
+ /home/pc-1/repos/dr-core-shared/install_core.sh
+ /home/pc-1/repos/dr-core-shared/requirements.txt
+ /home/pc-1/repos/dr-core-shared/setup.py
+ /home/pc-1/repos/dr-core-shared/tests/test_placeholder.py
REMOVED:
(none)
